pi@webserver:~ $ sudo apt-get update
Get:1 http://archive.raspberrypi.org/debian stretch InRelease [25.4 kB]
Get:2 http://archive.raspberrypi.org/debian stretch/main armhf Packages [213 kB]
Get:3 http://raspbian.raspberrypi.org/raspbian stretch InRelease [15.0 kB]     
Get:4 http://raspbian.raspberrypi.org/raspbian stretch/main armhf Packages [11.7 MB]
99% [4 Packages store 0 B]                                          116 kB/s 0se99% [4 Packages store 0 B]                                          116 kB/s 0se
Fetched 11.9 MB in 44s (267 kB/s)                                              
Reading package lists... Done
pi@webserver:~ $ remove
bash: remove: command not found
pi@webserver:~ $ sudo apt-get clean
pi@webserver:~ $ sudo apt-get purge sqlite3
Reading package lists... Done
Building dependency tree       
Reading state information... Done
The following packages will be REMOVED:
  sqlite3*
0 upgraded, 0 newly installed, 1 to remove and 6 not upgraded.
After this operation, 1,991 kB disk space will be freed.
Do you want to continue? [Y/n] n
Abort.
pi@webserver:~ $ sudo apt-get autoremove sqlite3
Reading package lists... Done
Building dependency tree       
Reading state information... Done
The following packages will be REMOVED:
  sqlite3
0 upgraded, 0 newly installed, 1 to remove and 6 not upgraded.
After this operation, 1,991 kB disk space will be freed.
Do you want to continue? [Y/n] y
(Reading database ... 123415 files and directories currently installed.)
Removing sqlite3 (3.16.2-5+deb9u1) ...
Processing triggers for man-db (2.7.6.1-2) ...
pi@webserver:~ $ sudo apt-get --purge remove sqlite3
Reading package lists... Done
Building dependency tree       
Reading state information... Done
Package 'sqlite3' is not installed, so not removed
0 upgraded, 0 newly installed, 0 to remove and 6 not upgraded.
pi@webserver:~ $ sudo apt-get autoremove && sudo apt-get autoclean
Reading package lists... Done
Building dependency tree       
Reading state information... Done
0 upgraded, 0 newly installed, 0 to remove and 6 not upgraded.
Reading package lists... Done
Building dependency tree       
Reading state information... Done
pi@webserver:~ $ sudo find / | grep sqlite3 | sudo xargs rm -rf
find: ‘/proc/710/task/710/net’: Invalid argument
find: ‘/proc/710/net’: Invalid argument
find: ‘/run/user/1000/gvfs’: Permission denied
pi@webserver:~ $ sudo apt install mysql-server php-mysql
Reading package lists... Done
Building dependency tree       
Reading state information... Done
The following additional packages will be installed:
  default-mysql-server galera-3 gawk libcgi-fast-perl libcgi-pm-perl
  libconfig-inifiles-perl libdbd-mysql-perl libdbi-perl libencode-locale-perl
  libfcgi-perl libhtml-parser-perl libhtml-tagset-perl libhtml-template-perl
  libhttp-date-perl libhttp-message-perl libio-html-perl
  liblwp-mediatypes-perl libsigsegv2 libterm-readkey-perl libtimedate-perl
  liburi-perl lsof mariadb-client-10.1 mariadb-server-10.1 php7.0-mysql socat
Suggested packages:
  gawk-doc libclone-perl libmldbm-perl libnet-daemon-perl
  libsql-statement-perl libdata-dump-perl libipc-sharedcache-perl libwww-perl
  mailx mariadb-test tinyca
The following NEW packages will be installed:
  default-mysql-server galera-3 gawk libcgi-fast-perl libcgi-pm-perl
  libconfig-inifiles-perl libdbd-mysql-perl libdbi-perl libencode-locale-perl
  libfcgi-perl libhtml-parser-perl libhtml-tagset-perl libhtml-template-perl
  libhttp-date-perl libhttp-message-perl libio-html-perl
  liblwp-mediatypes-perl libsigsegv2 libterm-readkey-perl libtimedate-perl
  liburi-perl lsof mariadb-client-10.1 mariadb-server-10.1 mysql-server
  php-mysql php7.0-mysql socat
0 upgraded, 28 newly installed, 0 to remove and 6 not upgraded.
Need to get 13.8 MB of archives.
After this operation, 125 MB of additional disk space will be used.
Do you want to continue? [Y/n] y
Get:1 http://mirror.umd.edu/raspbian/raspbian stretch/main armhf libsigsegv2 armhf 2.10-5 [28.4 kB]
Get:2 http://mirror.umd.edu/raspbian/raspbian stretch/main armhf gawk armhf 1:4.1.4+dfsg-1 [508 kB]
Get:3 http://mirror.umd.edu/raspbian/raspbian stretch/main armhf galera-3 armhf 25.3.19-2+rpi1 [874 kB]
Get:4 http://mirror.umd.edu/raspbian/raspbian stretch/main armhf libdbi-perl armhf 1.636-1+b1 [759 kB]
Get:5 http://mirror.umd.edu/raspbian/raspbian stretch/main armhf lsof armhf 4.89+dfsg-0.1 [311 kB]
Get:6 http://mirror.umd.edu/raspbian/raspbian stretch/main armhf libconfig-inifiles-perl all 2.94-1 [53.4 kB]
Get:7 http://mirror.umd.edu/raspbian/raspbian stretch/main armhf mariadb-client-10.1 armhf 10.1.37-0+deb9u1 [5,317 kB]
Get:8 http://mirror.umd.edu/raspbian/raspbian stretch/main armhf socat armhf 1.7.3.1-2+deb9u1 [320 kB]
Get:9 http://mirror.umd.edu/raspbian/raspbian stretch/main armhf mariadb-server-10.1 armhf 10.1.37-0+deb9u1 [4,680 kB]
Get:26 http://raspbian.raspberrypi.org/raspbian stretch/main armhf mysql-server armhf 5.5.9999+default [1,706 B]
Get:10 http://mirror.umd.edu/raspbian/raspbian stretch/main armhf default-mysql-server all 1.0.2 [3,048 B]
Get:11 http://mirror.umd.edu/raspbian/raspbian stretch/main armhf libhtml-tagset-perl all 3.20-3 [12.7 kB]
Get:12 http://mirror.umd.edu/raspbian/raspbian stretch/main armhf liburi-perl all 1.71-1 [88.6 kB]
Get:13 http://mirror.umd.edu/raspbian/raspbian stretch/main armhf libhtml-parser-perl armhf 3.72-3 [101 kB]
Get:14 http://mirror.umd.edu/raspbian/raspbian stretch/main armhf libcgi-pm-perl all 4.35-1 [222 kB]
Get:15 http://mirror.umd.edu/raspbian/raspbian stretch/main armhf libfcgi-perl armhf 0.78-2 [34.6 kB]
Get:16 http://mirror.umd.edu/raspbian/raspbian stretch/main armhf libcgi-fast-perl all 1:2.12-1 [11.2 kB]
Get:17 http://mirror.umd.edu/raspbian/raspbian stretch/main armhf libdbd-mysql-perl armhf 4.041-2 [108 kB]
Get:18 http://mirror.umd.edu/raspbian/raspbian stretch/main armhf libencode-locale-perl all 1.05-1 [13.7 kB]
Get:19 http://mirror.umd.edu/raspbian/raspbian stretch/main armhf libhtml-template-perl all 2.95-2 [67.1 kB]
Get:20 http://mirror.umd.edu/raspbian/raspbian stretch/main armhf libtimedate-perl all 2.3000-2 [42.2 kB]
Get:21 http://mirror.umd.edu/raspbian/raspbian stretch/main armhf libhttp-date-perl all 6.02-1 [10.7 kB]
Get:22 http://mirror.umd.edu/raspbian/raspbian stretch/main armhf libio-html-perl all 1.001-1 [17.6 kB]
Get:23 http://mirror.umd.edu/raspbian/raspbian stretch/main armhf liblwp-mediatypes-perl all 6.02-1 [22.1 kB]
Get:24 http://mirror.umd.edu/raspbian/raspbian stretch/main armhf libhttp-message-perl all 6.11-1 [75.9 kB]
Get:25 http://mirror.umd.edu/raspbian/raspbian stretch/main armhf libterm-readkey-perl armhf 2.37-1 [26.3 kB]
Get:27 http://mirror.umd.edu/raspbian/raspbian stretch/main armhf php7.0-mysql armhf 7.0.33-0+deb9u1 [103 kB]
Get:28 http://mirror.umd.edu/raspbian/raspbian stretch/main armhf php-mysql all 1:7.0+49 [5,052 B]
Fetched 13.8 MB in 17s (788 kB/s)                                              
Preconfiguring packages ...
Selecting previously unselected package libsigsegv2:armhf.
dpkg: warning: files list file for package 'libaprutil1-dbd-sqlite3:armhf' missing; assuming package has no files currently installed
dpkg: warning: files list file for package 'libsqlite3-0:armhf' missing; assuming package has no files currently installed
(Reading database ... 123393 files and directories currently installed.)
Preparing to unpack .../libsigsegv2_2.10-5_armhf.deb ...
Unpacking libsigsegv2:armhf (2.10-5) ...
Setting up libsigsegv2:armhf (2.10-5) ...
Selecting previously unselected package gawk.
dpkg: warning: files list file for package 'libaprutil1-dbd-sqlite3:armhf' missing; assuming package has no files currently installed
dpkg: warning: files list file for package 'libsqlite3-0:armhf' missing; assuming package has no files currently installed
(Reading database ... 123403 files and directories currently installed.)
Preparing to unpack .../00-gawk_1%3a4.1.4+dfsg-1_armhf.deb ...
Unpacking gawk (1:4.1.4+dfsg-1) ...
Selecting previously unselected package galera-3.
Preparing to unpack .../01-galera-3_25.3.19-2+rpi1_armhf.deb ...
Unpacking galera-3 (25.3.19-2+rpi1) ...
Selecting previously unselected package libdbi-perl.
Preparing to unpack .../02-libdbi-perl_1.636-1+b1_armhf.deb ...
Unpacking libdbi-perl (1.636-1+b1) ...
Selecting previously unselected package lsof.
Preparing to unpack .../03-lsof_4.89+dfsg-0.1_armhf.deb ...
Unpacking lsof (4.89+dfsg-0.1) ...
Selecting previously unselected package libconfig-inifiles-perl.
Preparing to unpack .../04-libconfig-inifiles-perl_2.94-1_all.deb ...
Unpacking libconfig-inifiles-perl (2.94-1) ...
Selecting previously unselected package mariadb-client-10.1.
Preparing to unpack .../05-mariadb-client-10.1_10.1.37-0+deb9u1_armhf.deb ...
Unpacking mariadb-client-10.1 (10.1.37-0+deb9u1) ...
Selecting previously unselected package socat.
Preparing to unpack .../06-socat_1.7.3.1-2+deb9u1_armhf.deb ...
Unpacking socat (1.7.3.1-2+deb9u1) ...
Selecting previously unselected package mariadb-server-10.1.
Preparing to unpack .../07-mariadb-server-10.1_10.1.37-0+deb9u1_armhf.deb ...
Unpacking mariadb-server-10.1 (10.1.37-0+deb9u1) ...
Selecting previously unselected package default-mysql-server.
Preparing to unpack .../08-default-mysql-server_1.0.2_all.deb ...
Unpacking default-mysql-server (1.0.2) ...
Selecting previously unselected package libhtml-tagset-perl.
Preparing to unpack .../09-libhtml-tagset-perl_3.20-3_all.deb ...
Unpacking libhtml-tagset-perl (3.20-3) ...
Selecting previously unselected package liburi-perl.
Preparing to unpack .../10-liburi-perl_1.71-1_all.deb ...
Unpacking liburi-perl (1.71-1) ...
Selecting previously unselected package libhtml-parser-perl.
Preparing to unpack .../11-libhtml-parser-perl_3.72-3_armhf.deb ...
Unpacking libhtml-parser-perl (3.72-3) ...
Selecting previously unselected package libcgi-pm-perl.
Preparing to unpack .../12-libcgi-pm-perl_4.35-1_all.deb ...
Unpacking libcgi-pm-perl (4.35-1) ...
Selecting previously unselected package libfcgi-perl.
Preparing to unpack .../13-libfcgi-perl_0.78-2_armhf.deb ...
Unpacking libfcgi-perl (0.78-2) ...
Selecting previously unselected package libcgi-fast-perl.
Preparing to unpack .../14-libcgi-fast-perl_1%3a2.12-1_all.deb ...
Unpacking libcgi-fast-perl (1:2.12-1) ...
Selecting previously unselected package libdbd-mysql-perl.
Preparing to unpack .../15-libdbd-mysql-perl_4.041-2_armhf.deb ...
Unpacking libdbd-mysql-perl (4.041-2) ...
Selecting previously unselected package libencode-locale-perl.
Preparing to unpack .../16-libencode-locale-perl_1.05-1_all.deb ...
Unpacking libencode-locale-perl (1.05-1) ...
Selecting previously unselected package libhtml-template-perl.
Preparing to unpack .../17-libhtml-template-perl_2.95-2_all.deb ...
Unpacking libhtml-template-perl (2.95-2) ...
Selecting previously unselected package libtimedate-perl.
Preparing to unpack .../18-libtimedate-perl_2.3000-2_all.deb ...
Unpacking libtimedate-perl (2.3000-2) ...
Selecting previously unselected package libhttp-date-perl.
Preparing to unpack .../19-libhttp-date-perl_6.02-1_all.deb ...
Unpacking libhttp-date-perl (6.02-1) ...
Selecting previously unselected package libio-html-perl.
Preparing to unpack .../20-libio-html-perl_1.001-1_all.deb ...
Unpacking libio-html-perl (1.001-1) ...
Selecting previously unselected package liblwp-mediatypes-perl.
Preparing to unpack .../21-liblwp-mediatypes-perl_6.02-1_all.deb ...
Unpacking liblwp-mediatypes-perl (6.02-1) ...
Selecting previously unselected package libhttp-message-perl.
Preparing to unpack .../22-libhttp-message-perl_6.11-1_all.deb ...
Unpacking libhttp-message-perl (6.11-1) ...
Selecting previously unselected package libterm-readkey-perl.
Preparing to unpack .../23-libterm-readkey-perl_2.37-1_armhf.deb ...
Unpacking libterm-readkey-perl (2.37-1) ...
Selecting previously unselected package mysql-server.
Preparing to unpack .../24-mysql-server_5.5.9999+default_armhf.deb ...
Unpacking mysql-server (5.5.9999+default) ...
Selecting previously unselected package php7.0-mysql.
Preparing to unpack .../25-php7.0-mysql_7.0.33-0+deb9u1_armhf.deb ...
Unpacking php7.0-mysql (7.0.33-0+deb9u1) ...
Selecting previously unselected package php-mysql.
Preparing to unpack .../26-php-mysql_1%3a7.0+49_all.deb ...
Unpacking php-mysql (1:7.0+49) ...
Setting up php7.0-mysql (7.0.33-0+deb9u1) ...

Creating config file /etc/php/7.0/mods-available/mysqlnd.ini with new version

Creating config file /etc/php/7.0/mods-available/mysqli.ini with new version

Creating config file /etc/php/7.0/mods-available/pdo_mysql.ini with new version
Setting up libhtml-tagset-perl (3.20-3) ...
Setting up libconfig-inifiles-perl (2.94-1) ...
Setting up libencode-locale-perl (1.05-1) ...
Setting up libtimedate-perl (2.3000-2) ...
Processing triggers for libapache2-mod-php7.0 (7.0.33-0+deb9u1) ...
Setting up socat (1.7.3.1-2+deb9u1) ...
Setting up lsof (4.89+dfsg-0.1) ...
Setting up libio-html-perl (1.001-1) ...
Setting up gawk (1:4.1.4+dfsg-1) ...
Setting up libterm-readkey-perl (2.37-1) ...
Setting up liblwp-mediatypes-perl (6.02-1) ...
Processing triggers for libc-bin (2.24-11+deb9u3) ...
Setting up galera-3 (25.3.19-2+rpi1) ...
Setting up liburi-perl (1.71-1) ...
Processing triggers for systemd (232-25+deb9u8) ...
Setting up libhtml-parser-perl (3.72-3) ...
Setting up libcgi-pm-perl (4.35-1) ...
Processing triggers for man-db (2.7.6.1-2) ...
Setting up libfcgi-perl (0.78-2) ...
Setting up php-mysql (1:7.0+49) ...
Setting up libdbi-perl (1.636-1+b1) ...
Setting up mariadb-client-10.1 (10.1.37-0+deb9u1) ...
Setting up libhttp-date-perl (6.02-1) ...
Setting up libhtml-template-perl (2.95-2) ...
Setting up libcgi-fast-perl (1:2.12-1) ...
Setting up libhttp-message-perl (6.11-1) ...
Setting up mariadb-server-10.1 (10.1.37-0+deb9u1) ...
^[[B^[[B^[[B^[[B^[[B^[[B^[[B^[[B^[[B^[[A^[[A^[[A^[[A^[[A^[[A^[[A^[[A^[[A^[[A^[[A^[[A^[[B^[[B^[[BCreated symlink /etc/systemd/system/mysql.service → /lib/systemd/system/mariadb.service.
Created symlink /etc/systemd/system/mysqld.service → /lib/systemd/system/mariadb.service.
Created symlink /etc/systemd/system/multi-user.target.wants/mariadb.service → /lib/systemd/system/mariadb.service.
^[[A^[[A^[[A^[[A^[[A^[[ASetting up libdbd-mysql-perl (4.041-2) ...
Setting up default-mysql-server (1.0.2) ...
Setting up mysql-server (5.5.9999+default) ...
Processing triggers for systemd (232-25+deb9u8) ...
pi@webserver:~ $ sudo mysql --user=root
Welcome to the MariaDB monitor.  Commands end with ; or \g.
Your MariaDB connection id is 2
Server version: 10.1.37-MariaDB-0+deb9u1 Raspbian 9.0

Copyright (c) 2000, 2018, Oracle, MariaDB Corporation Ab and others.

Type 'help;' or '\h' for help. Type '\c' to clear the current input statement.

MariaDB [(none)]> DROP USER 'root'@'localhost';
Query OK, 0 rows affected (0.00 sec)

MariaDB [(none)]> CREATE USER 'root'@'localhost' IDENTIFIED BY 'roboticpark';
Query OK, 0 rows affected (0.00 sec)

MariaDB [(none)]> GRANT ALL PRIVILEGES ON *.* TO 'root'@'localhost';
Query OK, 0 rows affected (0.00 sec)

MariaDB [(none)]> Ctrl-C -- exit!
Aborted
pi@webserver:~ $ mysql --user=root --password=roboticpark;
Welcome to the MariaDB monitor.  Commands end with ; or \g.
Your MariaDB connection id is 3
Server version: 10.1.37-MariaDB-0+deb9u1 Raspbian 9.0

Copyright (c) 2000, 2018, Oracle, MariaDB Corporation Ab and others.

Type 'help;' or '\h' for help. Type '\c' to clear the current input statement.

MariaDB [(none)]> Ctrl-C -- exit!
Aborted
pi@webserver:~ $ sudo apt install phpmyadmin
Reading package lists... Done
Building dependency tree       
Reading state information... Done
The following additional packages will be installed:
  dbconfig-common dbconfig-mysql libzip4 php-bz2 php-curl php-gd php-mbstring
  php-pear php-php-gettext php-phpseclib php-tcpdf php-xml php-zip php7.0-bz2
  php7.0-curl php7.0-gd php7.0-mbstring php7.0-xml php7.0-zip
Suggested packages:
  php-libsodium php-mcrypt php-gmp php5-imagick
Recommended packages:
  php5-gd php5-mcrypt
The following NEW packages will be installed:
  dbconfig-common dbconfig-mysql libzip4 php-bz2 php-curl php-gd php-mbstring
  php-pear php-php-gettext php-phpseclib php-tcpdf php-xml php-zip php7.0-bz2
  php7.0-curl php7.0-gd php7.0-mbstring php7.0-xml php7.0-zip phpmyadmin
0 upgraded, 20 newly installed, 0 to remove and 6 not upgraded.
Need to get 13.5 MB of archives.
After this operation, 52.0 MB of additional disk space will be used.
Do you want to continue? [Y/n] y
Get:1 http://mirror.umd.edu/raspbian/raspbian stretch/main armhf dbconfig-common all 2.0.8 [617 kB]
Get:2 http://raspbian.raspberrypi.org/raspbian stretch/main armhf dbconfig-mysql all 2.0.8 [996 B]
Get:3 http://mirror.umd.edu/raspbian/raspbian stretch/main armhf libzip4 armhf 1.1.2-1.1 [34.6 kB]
Get:4 http://mirror.umd.edu/raspbian/raspbian stretch/main armhf php7.0-bz2 armhf 7.0.33-0+deb9u1 [8,912 B]
Get:5 http://mirror.umd.edu/raspbian/raspbian stretch/main armhf php-bz2 all 1:7.0+49 [5,048 B]
Get:6 http://mirror.umd.edu/raspbian/raspbian stretch/main armhf php7.0-curl armhf 7.0.33-0+deb9u1 [24.3 kB]
Get:7 http://mirror.umd.edu/raspbian/raspbian stretch/main armhf php-curl all 1:7.0+49 [5,048 B]
Get:8 http://mirror.umd.edu/raspbian/raspbian stretch/main armhf php7.0-gd armhf 7.0.33-0+deb9u1 [21.9 kB]
Get:9 http://mirror.umd.edu/raspbian/raspbian stretch/main armhf php-gd all 1:7.0+49 [5,042 B]
Get:10 http://mirror.umd.edu/raspbian/raspbian stretch/main armhf php7.0-mbstring armhf 7.0.33-0+deb9u1 [415 kB]
Get:11 http://mirror.umd.edu/raspbian/raspbian stretch/main armhf php-mbstring all 1:7.0+49 [5,058 B]
Get:12 http://mirror.umd.edu/raspbian/raspbian stretch/main armhf php7.0-xml armhf 7.0.33-0+deb9u1 [87.0 kB]
Get:13 http://mirror.umd.edu/raspbian/raspbian stretch/main armhf php-xml all 1:7.0+49 [5,068 B]
Get:14 http://mirror.umd.edu/raspbian/raspbian stretch/main armhf php-pear all 1:1.10.1+submodules+notgz-9+deb9u1 [282 kB]
Get:15 http://mirror.umd.edu/raspbian/raspbian stretch/main armhf php-php-gettext all 1.0.12-0.1 [16.4 kB]
Get:16 http://mirror.umd.edu/raspbian/raspbian stretch/main armhf php-phpseclib all 2.0.4-1 [178 kB]
Get:17 http://mirror.umd.edu/raspbian/raspbian stretch/main armhf php-tcpdf all 6.2.12+dfsg2-1 [7,891 kB]
Get:18 http://mirror.umd.edu/raspbian/raspbian stretch/main armhf php7.0-zip armhf 7.0.33-0+deb9u1 [17.3 kB]
Get:19 http://mirror.umd.edu/raspbian/raspbian stretch/main armhf php-zip all 1:7.0+49 [5,044 B]
Get:20 http://mirror.umd.edu/raspbian/raspbian stretch/main armhf phpmyadmin all 4:4.6.6-4 [3,911 kB]
Fetched 13.5 MB in 12s (1,073 kB/s)                                            
Preconfiguring packages ...
Selecting previously unselected package dbconfig-common.
dpkg: warning: files list file for package 'libaprutil1-dbd-sqlite3:armhf' missing; assuming package has no files currently installed
dpkg: warning: files list file for package 'libsqlite3-0:armhf' missing; assuming package has no files currently installed
(Reading database ... 124309 files and directories currently installed.)
Preparing to unpack .../00-dbconfig-common_2.0.8_all.deb ...
Unpacking dbconfig-common (2.0.8) ...
Selecting previously unselected package dbconfig-mysql.
Preparing to unpack .../01-dbconfig-mysql_2.0.8_all.deb ...
Unpacking dbconfig-mysql (2.0.8) ...
Selecting previously unselected package libzip4:armhf.
Preparing to unpack .../02-libzip4_1.1.2-1.1_armhf.deb ...
Unpacking libzip4:armhf (1.1.2-1.1) ...
Selecting previously unselected package php7.0-bz2.
Preparing to unpack .../03-php7.0-bz2_7.0.33-0+deb9u1_armhf.deb ...
Unpacking php7.0-bz2 (7.0.33-0+deb9u1) ...
Selecting previously unselected package php-bz2.
Preparing to unpack .../04-php-bz2_1%3a7.0+49_all.deb ...
Unpacking php-bz2 (1:7.0+49) ...
Selecting previously unselected package php7.0-curl.
Preparing to unpack .../05-php7.0-curl_7.0.33-0+deb9u1_armhf.deb ...
Unpacking php7.0-curl (7.0.33-0+deb9u1) ...
Selecting previously unselected package php-curl.
Preparing to unpack .../06-php-curl_1%3a7.0+49_all.deb ...
Unpacking php-curl (1:7.0+49) ...
Selecting previously unselected package php7.0-gd.
Preparing to unpack .../07-php7.0-gd_7.0.33-0+deb9u1_armhf.deb ...
Unpacking php7.0-gd (7.0.33-0+deb9u1) ...
Selecting previously unselected package php-gd.
Preparing to unpack .../08-php-gd_1%3a7.0+49_all.deb ...
Unpacking php-gd (1:7.0+49) ...
Selecting previously unselected package php7.0-mbstring.
Preparing to unpack .../09-php7.0-mbstring_7.0.33-0+deb9u1_armhf.deb ...
Unpacking php7.0-mbstring (7.0.33-0+deb9u1) ...
Selecting previously unselected package php-mbstring.
Preparing to unpack .../10-php-mbstring_1%3a7.0+49_all.deb ...
Unpacking php-mbstring (1:7.0+49) ...
Selecting previously unselected package php7.0-xml.
Preparing to unpack .../11-php7.0-xml_7.0.33-0+deb9u1_armhf.deb ...
Unpacking php7.0-xml (7.0.33-0+deb9u1) ...
Selecting previously unselected package php-xml.
Preparing to unpack .../12-php-xml_1%3a7.0+49_all.deb ...
Unpacking php-xml (1:7.0+49) ...
Selecting previously unselected package php-pear.
Preparing to unpack .../13-php-pear_1%3a1.10.1+submodules+notgz-9+deb9u1_all.deb ...
Unpacking php-pear (1:1.10.1+submodules+notgz-9+deb9u1) ...
Selecting previously unselected package php-php-gettext.
Preparing to unpack .../14-php-php-gettext_1.0.12-0.1_all.deb ...
Unpacking php-php-gettext (1.0.12-0.1) ...
Selecting previously unselected package php-phpseclib.
Preparing to unpack .../15-php-phpseclib_2.0.4-1_all.deb ...
Unpacking php-phpseclib (2.0.4-1) ...
Selecting previously unselected package php-tcpdf.
Preparing to unpack .../16-php-tcpdf_6.2.12+dfsg2-1_all.deb ...
Unpacking php-tcpdf (6.2.12+dfsg2-1) ...
Selecting previously unselected package php7.0-zip.
Preparing to unpack .../17-php7.0-zip_7.0.33-0+deb9u1_armhf.deb ...
Unpacking php7.0-zip (7.0.33-0+deb9u1) ...
Selecting previously unselected package php-zip.
Preparing to unpack .../18-php-zip_1%3a7.0+49_all.deb ...
Unpacking php-zip (1:7.0+49) ...
Selecting previously unselected package phpmyadmin.
Preparing to unpack .../19-phpmyadmin_4%3a4.6.6-4_all.deb ...
Unpacking phpmyadmin (4:4.6.6-4) ...
Setting up php-tcpdf (6.2.12+dfsg2-1) ...
Setting up php-phpseclib (2.0.4-1) ...
Setting up php7.0-mbstring (7.0.33-0+deb9u1) ...

Creating config file /etc/php/7.0/mods-available/mbstring.ini with new version
Processing triggers for libapache2-mod-php7.0 (7.0.33-0+deb9u1) ...
Setting up php7.0-gd (7.0.33-0+deb9u1) ...

Creating config file /etc/php/7.0/mods-available/gd.ini with new version
Setting up php7.0-curl (7.0.33-0+deb9u1) ...

Creating config file /etc/php/7.0/mods-available/curl.ini with new version
Setting up libzip4:armhf (1.1.2-1.1) ...
Setting up php7.0-zip (7.0.33-0+deb9u1) ...

Creating config file /etc/php/7.0/mods-available/zip.ini with new version
Processing triggers for libc-bin (2.24-11+deb9u3) ...
Setting up php-mbstring (1:7.0+49) ...
Processing triggers for man-db (2.7.6.1-2) ...
Setting up php-gd (1:7.0+49) ...
Setting up php7.0-xml (7.0.33-0+deb9u1) ...

Creating config file /etc/php/7.0/mods-available/dom.ini with new version

Creating config file /etc/php/7.0/mods-available/simplexml.ini with new version

Creating config file /etc/php/7.0/mods-available/wddx.ini with new version

Creating config file /etc/php/7.0/mods-available/xml.ini with new version

Creating config file /etc/php/7.0/mods-available/xmlreader.ini with new version

Creating config file /etc/php/7.0/mods-available/xmlwriter.ini with new version

Creating config file /etc/php/7.0/mods-available/xsl.ini with new version
Processing triggers for hicolor-icon-theme (0.15-1) ...
Setting up dbconfig-common (2.0.8) ...

Creating config file /etc/dbconfig-common/config with new version
Setting up php7.0-bz2 (7.0.33-0+deb9u1) ...

Creating config file /etc/php/7.0/mods-available/bz2.ini with new version
Setting up dbconfig-mysql (2.0.8) ...
Setting up php-bz2 (1:7.0+49) ...
Setting up php-curl (1:7.0+49) ...
Setting up php-zip (1:7.0+49) ...
Setting up php-xml (1:7.0+49) ...
Setting up php-pear (1:1.10.1+submodules+notgz-9+deb9u1) ...
Setting up php-php-gettext (1.0.12-0.1) ...
Setting up phpmyadmin (4:4.6.6-4) ...
Determining localhost credentials from /etc/mysql/debian.cnf: succeeded.
dbconfig-common: writing config to /etc/dbconfig-common/phpmyadmin.conf

Creating config file /etc/dbconfig-common/phpmyadmin.conf with new version

Creating config file /etc/phpmyadmin/config-db.php with new version
ERROR 1045 (28000): Access denied for user 'root'@'localhost' (using password: NO).
unable to connect to mysql server.
error encountered creating user:
ERROR 1045 (28000): Access denied for user 'root'@'localhost' (using password: NO)
dbconfig-common: phpmyadmin configure: aborted.
dbconfig-common: flushing administrative password
dpkg: error processing package phpmyadmin (--configure):
 subprocess installed post-installation script returned error exit status 1
Processing triggers for libapache2-mod-php7.0 (7.0.33-0+deb9u1) ...
Errors were encountered while processing:
 phpmyadmin
E: Sub-process /usr/bin/dpkg returned an error code (1)
pi@webserver:~ $ sudo apt install phpmyadmin
Reading package lists... Done
Building dependency tree       
Reading state information... Done
phpmyadmin is already the newest version (4:4.6.6-4).
0 upgraded, 0 newly installed, 0 to remove and 6 not upgraded.
1 not fully installed or removed.
After this operation, 0 B of additional disk space will be used.
Do you want to continue? [Y/n] y
Setting up phpmyadmin (4:4.6.6-4) ...
dbconfig-common: writing config to /etc/dbconfig-common/phpmyadmin.conf
Replacing config file /etc/dbconfig-common/phpmyadmin.conf with new version
dbconfig-common: flushing administrative password
W: APT had planned for dpkg to do more than it reported back (0 vs 4).
   Affected packages: phpmyadmin:armhf
pi@webserver:~ $ sudo apt-get update
Hit:1 http://archive.raspberrypi.org/debian stretch InRelease
Hit:2 http://raspbian.raspberrypi.org/raspbian stretch InRelease
Reading package lists... Done                      
pi@webserver:~ $ sudo apt-get upgrade
Reading package lists... Done
Building dependency tree       
Reading state information... Done
Calculating upgrade... Done
The following packages have been kept back:
  python3-thonny
The following packages will be upgraded:
  bluez-firmware curl libcurl3 libcurl3-gnutls libgd3
5 upgraded, 0 newly installed, 0 to remove and 1 not upgraded.
Need to get 980 kB of archives.
After this operation, 1,024 B disk space will be freed.
Do you want to continue? [Y/n] y
Get:1 http://archive.raspberrypi.org/debian stretch/main armhf bluez-firmware all 1.2-3+rpt7 [125 kB]
Get:2 http://mirror.us.leaseweb.net/raspbian/raspbian stretch/main armhf curl armhf 7.52.1-5+deb9u9 [220 kB]
Get:3 http://mirror.us.leaseweb.net/raspbian/raspbian stretch/main armhf libcurl3 armhf 7.52.1-5+deb9u9 [262 kB]
Get:4 http://mirror.us.leaseweb.net/raspbian/raspbian stretch/main armhf libcurl3-gnutls armhf 7.52.1-5+deb9u9 [260 kB]
Get:5 http://mirror.umd.edu/raspbian/raspbian stretch/main armhf libgd3 armhf 2.2.4-2+deb9u4 [114 kB]
Fetched 980 kB in 1s (614 kB/s) 
Reading changelogs... Done
dpkg: warning: files list file for package 'libaprutil1-dbd-sqlite3:armhf' missing; assuming package has no files currently installed
dpkg: warning: files list file for package 'libsqlite3-0:armhf' missing; assuming package has no files currently installed
(Reading database ... 126906 files and directories currently installed.)
Preparing to unpack .../bluez-firmware_1.2-3+rpt7_all.deb ...
Unpacking bluez-firmware (1.2-3+rpt7) over (1.2-3+rpt6) ...
Preparing to unpack .../curl_7.52.1-5+deb9u9_armhf.deb ...
Unpacking curl (7.52.1-5+deb9u9) over (7.52.1-5+deb9u8) ...
Preparing to unpack .../libcurl3_7.52.1-5+deb9u9_armhf.deb ...
Unpacking libcurl3:armhf (7.52.1-5+deb9u9) over (7.52.1-5+deb9u8) ...
Preparing to unpack .../libcurl3-gnutls_7.52.1-5+deb9u9_armhf.deb ...
Unpacking libcurl3-gnutls:armhf (7.52.1-5+deb9u9) over (7.52.1-5+deb9u8) ...
Preparing to unpack .../libgd3_2.2.4-2+deb9u4_armhf.deb ...
Unpacking libgd3:armhf (2.2.4-2+deb9u4) over (2.2.4-2+deb9u2) ...
Setting up bluez-firmware (1.2-3+rpt7) ...
Setting up libcurl3:armhf (7.52.1-5+deb9u9) ...
Setting up libcurl3-gnutls:armhf (7.52.1-5+deb9u9) ...
Setting up libgd3:armhf (2.2.4-2+deb9u4) ...
Processing triggers for libc-bin (2.24-11+deb9u3) ...
Processing triggers for man-db (2.7.6.1-2) ...
Setting up curl (7.52.1-5+deb9u9) ...
pi@webserver:~ $ sudo apt-get remove lighttpd
Reading package lists... Done
Building dependency tree       
Reading state information... Done
Package 'lighttpd' is not installed, so not removed
0 upgraded, 0 newly installed, 0 to remove and 1 not upgraded.
pi@webserver:~ $ 
